
> client@0.1.0 build
> next build

Γû▓ Next.js 16.1.6 (Turbopack)
- Environments: .env
- Experiments (use with caution):
  ┬╖ clientTraceMetadata

node.exe : ΓÜá The "middleware" file convention is deprecated. Please use "proxy" instead. Learn more: 
https://nextjs.org/docs/messages/middleware-to-proxy
At line:1 char:1
+ & "C:\Program Files\nodejs/node.exe" "C:\Program Files\nodejs/node_mo ...
+ ~~~~~~~~~~~~~~~~~~~~~~~~~~~~~~~~~~~~~~~~~~~~~~~~~~~~~~~~~~~~~~~~~~~~~
    + CategoryInfo          : NotSpecified: (ΓÜá The "middle...leware-to-proxy:String) [], RemoteException
    + FullyQualifiedErrorId : NativeCommandError
 
  Creating an optimized production build ...
Γ£ô Compiled successfully in 8.7s
  Running next.config.js provided runAfterProductionCompile ...
Γ£ô Completed runAfterProductionCompile in 762ms
  Running TypeScript ...
  Collecting page data using 7 workers ...
  Generating static pages using 7 workers (0/10) ...
  Generating static pages using 7 workers (2/10) 
  Generating static pages using 7 workers (4/10) 
  Generating static pages using 7 workers (7/10) 
Γ£ô Generating static pages using 7 workers (10/10) in 1203.7ms
  Finalizing page optimization ...

Route (app)
Γöî Γùï /
Γö£ Γùï /_not-found
Γö£ Γùï /about
Γö£ Γùï /forgot-password
Γö£ Γùï /login
Γö£ Γùï /owner
Γö£ Γùï /register
Γöö Γùï /staff


╞Æ Proxy (Middleware)

Γùï  (Static)  prerendered as static content

