node.exe : [2m[WebServer] [22m{"timestamp":"2026-04-13T12:54:19.435Z","level":"WARN","message":"REDIS_URL not 
provided, falling back to in-memory store for JWT Denylist."}
At line:1 char:1
+ & "C:\Program Files\nodejs/node.exe" "C:\Program Files\nodejs/node_mo ...
+ ~~~~~~~~~~~~~~~~~~~~~~~~~~~~~~~~~~~~~~~~~~~~~~~~~~~~~~~~~~~~~~~~~~~~~
    + CategoryInfo          : NotSpecified: ([2m[WebServer]...JWT Denylist."}:String) [], RemoteException
    + FullyQualifiedErrorId : NativeCommandError
 
Error: Timed out waiting 120000ms from config.webServer.

