[dotenv@17.3.1] injecting env (8) from .env -- tip: ΓÜÖ∩╕Å  write to custom object with { processEnv: myObject }
--- STARTING AUTH END-TO-END TESTS ---

[TEST 1] Registering test user...
Γ£à Registration successful.

[TEST 2] Testing Phone Login with un-normalized prefix (09999111122)...
Γ£à Login successful. User: Test User, Phone: +919999111122

[TEST 3] Testing Forgot Password -> Request OTP...
Γ£à OTP requested successfully.
Test requires OTP, overriding DB with known OTP hash for "123456"...

[TEST 4] Testing Verify OTP...
Γ£à OTP Verified, received reset token.

[TEST 5] Testing Reset Password...
Γ£à Password Reset successful.

[TEST 6] Testing Google Login (Bad credential error test)...
Γ£à Google route responded. Expected failure with fake token: Google sign-in failed. Please try again. (Status: 401)

≡ƒÄë ALL TESTS PASSED SUCCESSFULLY ≡ƒÄë
